2017/02/24 09:01:00 login 127.0.0.1 user=bear12
2017/02/24 09:02:00 DB Connect 127.0.0.1 user=bear12
2017/02/24 09:02:00 DB Disconnect 127.0.0.1 user=bear12
2017/02/24 09:04:00 logout 127.0.0.1 user=bear12
2017/02/24 09:05:00 login 127.0.0.1 user=bear34
2017/02/24 09:06:00 DB Connect 127.0.0.1 user=bear34
2017/02/24 09:07:00 DB Disconnect 127.0.0.1 user=bear34
2017/02/24 09:08:00 logout 127.0.0.1 user=bear34
2017/02/24 09:09:00 login 127.0.0.1 user=bear#1
2017/02/24 09:10:00 DB Connect 127.0.0.1 user=bear#1
2017/02/24 09:11:00 DB Disconnect 127.0.0.1 user=bear#1
2017/02/24 09:12:00 logout 127.0.0.1 user=bear#1
